========================================
Job ID   : 19209168
Node     : gpu-b9-4
GPU      : NVIDIA A100-SXM4-40GB
Submit   : /scratch/zt1/project/enpm690/user/tsadaria/robomimic
Dataset  : /scratch/zt1/project/enpm690/user/tsadaria/robomimic/datasets/merged_lowdim.hdf5
Output   : /scratch/zt1/project/enpm690/user/tsadaria/robomimic/trained_models/round_nut
Start    : Mon May  4 19:16:07 EDT 2026
========================================
Config written to /tmp/bc_rnn_19209168.json

============= New Training Run with Config =============
{
    "algo_name": "bc",
    "experiment": {
        "name": "round_nut_bc_rnn_fots",
        "validate": false,
        "logging": {
            "terminal_output_to_txt": true,
            "log_tb": true,
            "log_wandb": true
        },
        "save": {
            "enabled": true,
            "every_n_seconds": null,
            "every_n_epochs": 50,
            "epochs": [],
            "on_best_validation": false,
            "on_best_rollout_return": false,
            "on_best_rollout_success_rate": false
        },
        "epoch_every_n_steps": 500,
        "validation_epoch_every_n_steps": 50,
        "env": null,
        "additional_envs": null,
        "render": false,
        "render_video": true,
        "keep_all_videos": false,
        "video_skip": 5,
        "rollout": {
            "enabled": false,
            "n": 50,
            "horizon": 400,
            "rate": 50,
            "warmstart": 0,
            "terminate_on_success": true
        }
    },
    "train": {
        "data": "/scratch/zt1/project/enpm690/user/tsadaria/robomimic/datasets/merged_lowdim.hdf5",
        "output_dir": "/scratch/zt1/project/enpm690/user/tsadaria/robomimic/trained_models/round_nut",
        "num_data_workers": 4,
        "hdf5_cache_mode": "low_dim",
        "hdf5_use_swmr": true,
        "hdf5_normalize_obs": false,
        "hdf5_filter_key": null,
        "seq_length": 10,
        "dataset_keys": [
            "actions",
            "rewards",
            "dones"
        ],
        "goal_mode": null,
        "cuda": true,
        "batch_size": 100,
        "num_epochs": 2000,
        "seed": 1
    },
    "algo": {
        "optim_params": {
            "policy": {
                "learning_rate": {
                    "initial": 0.0001,
                    "decay_factor": 0.1,
                    "epoch_schedule": []
                },
                "regularization": {
                    "L2": 0.0
                }
            }
        },
        "loss": {
            "l2_weight": 1.0,
            "l1_weight": 0.0,
            "cos_weight": 0.0
        },
        "actor_layer_dims": [],
        "gaussian": {
            "enabled": false,
            "fixed_std": false,
            "init_std": 0.1,
            "min_std": 0.01,
            "std_activation": "softplus",
            "low_noise_eval": true
        },
        "gmm": {
            "enabled": true,
            "num_modes": 5,
            "min_std": 0.0001,
            "std_activation": "softplus",
            "low_noise_eval": true
        },
        "vae": {
            "enabled": false,
            "latent_dim": 14,
            "latent_clip": null,
            "kl_weight": 1.0,
            "decoder": {
                "is_conditioned": true,
                "reconstruction_sum_across_elements": false
            },
            "prior": {
                "learn": false,
                "is_conditioned": false,
                "use_gmm": false,
                "gmm_num_modes": 10,
                "gmm_learn_weights": false,
                "use_categorical": false,
                "categorical_dim": 10,
                "categorical_gumbel_softmax_hard": false,
                "categorical_init_temp": 1.0,
                "categorical_temp_anneal_step": 0.001,
                "categorical_min_temp": 0.3
            },
            "encoder_layer_dims": [
                300,
                400
            ],
            "decoder_layer_dims": [
                300,
                400
            ],
            "prior_layer_dims": [
                300,
                400
            ]
        },
        "rnn": {
            "enabled": true,
            "horizon": 10,
            "hidden_dim": 1000,
            "rnn_type": "LSTM",
            "num_layers": 2,
            "open_loop": false,
            "kwargs": {
                "bidirectional": false
            }
        }
    },
    "observation": {
        "modalities": {
            "obs": {
                "low_dim": [
                    "robot0_eef_pos",
                    "robot0_eef_quat",
                    "robot0_gripper_qpos",
                    "object_pos",
                    "object_quat",
                    "object_to_robot0_eef_pos",
                    "object_to_robot0_eef_quat",
                    "tactile_left_lowdim",
                    "tactile_right_lowdim"
                ],
                "image": []
            },
            "goal": {
                "low_dim": [],
                "image": []
            }
        },
        "encoder": {
            "visual_core": "ResNet18Conv",
            "visual_core_kwargs": {
                "pretrained": false,
                "input_coord_conv": false
            },
            "obs_randomizer_class": null,
            "obs_randomizer_kwargs": {
                "crop_height": 76,
                "crop_width": 76,
                "num_crops": 1,
                "pos_enc": false
            },
            "visual_feature_dimension": 64,
            "use_spatial_softmax": true,
            "spatial_softmax_kwargs": {
                "num_kp": 32,
                "learnable_temperature": false,
                "temperature": 1.0,
                "noise_std": 0.0
            }
        }
    }
}

WARNING: model directory (/scratch/zt1/project/enpm690/user/tsadaria/robomimic/trained_models/round_nut/round_nut_bc_rnn_fots) already exists! 
overwrite? (y/n)
run failed with error:
EOF when reading a line

Traceback (most recent call last):
  File "robomimic/scripts/train.py", line 356, in main
    train(config, device=device)
  File "robomimic/scripts/train.py", line 57, in train
    log_dir, ckpt_dir, video_dir = TrainUtils.get_exp_dir(config)
  File "/scratch/zt1/project/enpm690/user/tsadaria/robomimic/robomimic/utils/train_utils.py", line 58, in get_exp_dir
    ans = input("WARNING: model directory ({}) already exists! \noverwrite? (y/n)\n".format(base_output_dir))
EOFError: EOF when reading a line

========================================
End : Mon May  4 19:16:25 EDT 2026
Done.
========================================
